------
[18:18:07] TX-2613 Audífonos $80 COMPLETED
[19:54:52] TX-2930 Computador $850 REJECTED
[14:20:20] TX-3906 Computador $850 REJECTED
[14:26:47] TX-1313 Audífonos $80 COMPLETED
[05:56:26] TX-7812 Teclado $50 COMPLETED
[09:18:10] TX-3976 Celular $400 COMPLETED
[13:47:17] TX-4946 Audífonos $80 COMPLETED
[05:20:42] TX-6468 Celular $400 COMPLETED
[07:50:40] TX-9608 Computador $850 REJECTED
[05:31:42] TX-1478 Computador $850 REJECTED
[16:02:36] TX-8870 Celular $400 COMPLETED
[23:59:45] TX-2369 Celular $400 COMPLETED
[03:25:55] TX-7725 Celular $400 COMPLETED
[10:12:37] TX-2781 Computador $850 REJECTED
[17:50:08] TX-5201 Audífonos $80 COMPLETED
[12:38:26] TX-5470 Teclado $50 COMPLETED
[03:03:28] TX-3804 Celular $400 COMPLETED
[17:58:03] TX-6841 Teclado $50 COMPLETED
[13:08:57] TX-9720 Celular $400 COMPLETED
[19:06:35] TX-2987 Computador $850 REJECTED
[11:53:54] TX-4296 Audífonos $80 COMPLETED
[16:54:52] TX-8899 Audífonos $80 COMPLETED
[15:48:35] TX-9361 Computador $850 REJECTED
[18:45:06] TX-6880 Computador $850 REJECTED
[10:02:17] TX-1958 Teclado $50 COMPLETED
[10:01:43] TX-4714 Audífonos $80 COMPLETED
[20:22:37] TX-9577 Teclado $50 COMPLETED
[15:19:24] TX-2175 Audífonos $80 COMPLETED
[14:34:45] TX-1160 Audífonos $80 COMPLETED
[07:18:29] TX-8805 Teclado $50 COMPLETED
[17:57:17] TX-8106 Teclado $50 COMPLETED
[01:22:50] TX-4648 Celular $400 COMPLETED
[23:15:31] TX-3063 Audífonos $80 COMPLETED
[00:14:34] TX-9223 Computador $850 REJECTED
[11:06:53] TX-3497 Celular $400 COMPLETED
[07:04:19] TX-1444 Audífonos $80 COMPLETED
[18:56:44] TX-7598 Celular $400 COMPLETED
[08:52:42] TX-5063 Celular $400 COMPLETED
[14:46:29] TX-2218 Celular $400 COMPLETED
[02:28:53] TX-1769 Teclado $50 COMPLETED
[19:43:29] TX-4986 Audífonos $80 COMPLETED
[21:49:47] TX-6841 Audífonos $80 COMPLETED
[16:14:56] TX-2535 Audífonos $80 COMPLETED
[13:45:12] TX-6079 Computador $850 REJECTED
[02:40:46] TX-6544 Computador $850 REJECTED
[12:49:20] TX-3482 Audífonos $80 COMPLETED
[07:22:52] TX-5597 Celular $400 COMPLETED
[23:52:10] TX-3157 Audífonos $80 COMPLETED
[06:45:43] TX-7811 Audífonos $80 COMPLETED
[11:44:52] TX-3780 Celular $400 COMPLETED
[21:00:45] TX-8645 Audífonos $80 COMPLETED
[03:07:24] TX-6953 Computador $850 REJECTED
[06:16:34] TX-2083 Audífonos $80 COMPLETED
[01:36:18] TX-2393 Computador $850 REJECTED
[17:15:09] TX-2533 Celular $400 COMPLETED
[21:58:52] TX-1486 Computador $850 REJECTED
[00:05:55] TX-4894 Computador $850 REJECTED
[16:48:31] TX-2467 Celular $400 COMPLETED
[13:41:41] TX-2449 Teclado $50 COMPLETED
[00:00:12] TX-4009 Audífonos $80 COMPLETED
[01:04:09] TX-7143 Celular $400 COMPLETED
[03:02:38] TX-1242 Celular $400 COMPLETED
[11:18:28] TX-4787 Audífonos $80 COMPLETED
[02:59:31] TX-8478 Computador $850 REJECTED
[18:45:23] TX-3525 Audífonos $80 COMPLETED
[06:11:27] TX-3541 Celular $400 COMPLETED
[11:55:12] TX-2307 Computador $850 REJECTED
[05:26:10] TX-7967 Audífonos $80 COMPLETED
[15:10:46] TX-1452 Teclado $50 COMPLETED
[12:14:47] TX-4205 Audífonos $80 COMPLETED
[14:02:28] TX-7595 Audífonos $80 COMPLETED
[07:49:22] TX-7391 Audífonos $80 COMPLETED
[09:00:54] TX-6252 Celular $400 COMPLETED
[18:46:30] TX-5199 Audífonos $80 COMPLETED
[02:24:05] TX-6667 Computador $850 REJECTED
[14:46:27] TX-5770 Computador $850 REJECTED
[20:24:27] TX-5377 Audífonos $80 COMPLETED
[05:03:00] TX-8218 Audífonos $80 COMPLETED
[03:02:49] TX-3166 Audífonos $80 COMPLETED
[04:27:30] TX-7853 Audífonos $80 COMPLETED
[15:08:23] TX-3959 Celular $400 COMPLETED
[05:25:30] TX-8217 Computador $850 REJECTED
[08:43:23] TX-4084 Audífonos $80 COMPLETED
[14:02:42] TX-7753 Celular $400 COMPLETED
[18:42:07] TX-1295 Audífonos $80 COMPLETED
[19:28:46] TX-2942 Celular $400 COMPLETED
[19:47:01] TX-2290 Teclado $50 COMPLETED
[23:53:50] TX-1506 Audífonos $80 COMPLETED
[12:52:28] TX-5686 Computador $850 REJECTED
[11:06:58] TX-1721 Audífonos $80 COMPLETED
[05:29:40] TX-3114 Celular $400 COMPLETED
[08:51:57] TX-2165 Audífonos $80 COMPLETED
[09:46:22] TX-9882 Computador $850 REJECTED
[22:29:51] TX-1266 Computador $850 REJECTED
[17:06:49] TX-4832 Celular $400 COMPLETED
[11:57:03] TX-4385 Celular $400 COMPLETED
[01:54:54] TX-5939 Teclado $50 COMPLETED
[13:03:53] TX-5029 Audífonos $80 COMPLETED
[13:54:18] TX-9922 Teclado $50 COMPLETED
[22:42:45] TX-7799 Celular $400 COMPLETED
